INFO     WDM:logger.py:11 ====== WebDriver manager ======
INFO     WDM:logger.py:11 Get LATEST chromedriver version for google-chrome
INFO     WDM:logger.py:11 Get LATEST chromedriver version for google-chrome
INFO     WDM:logger.py:11 Driver [C:\Users\신윤아\.wdm\drivers\chromedriver\win64\143.0.7499.169\chromedriver-win32/chromedriver.exe] found in cache
INFO     root:test_school_record.py:19 ✅ 세부 특기사항 페이지 이동 완료
INFO     root:test_school_record.py:32 ✅ 양식 student_evaluation_template.xlsx 다운로드 완료
INFO     root:test_school_record.py:40 ✅ 성취기준 사이트 새 창 검증 완료
INFO     root:test_school_record.py:50 ✅ 학교 드롭박스 학교 옵션 검증 완료
INFO     root:test_school_record.py:63 ✅ 초등 선택 시 과목 드롭박스 검증 완료
INFO     root:test_school_record.py:77 ✅ 중등 선택 시 과목 드롭박스 검증 완료
INFO     root:test_school_record.py:91 ✅ 고등 선택 시 과목 드롭박스 검증 완료
INFO     root:test_school_record.py:112 ✅ 추가입력 공백 입력 → 생성 버튼 활성화
INFO     root:test_school_record.py:112 ✅ 추가입력 1자 입력 → 생성 버튼 활성화
INFO     root:test_school_record.py:112 ✅ 추가입력 5000자 입력 → 생성 버튼 활성화
INFO     root:test_school_record.py:112 ✅ 추가입력 5001자 입력 → 생성 버튼 활성화
INFO     root:test_school_record.py:134 ✅ xlsx 허용 파일 업로드 UI 검증 완료
INFO     root:test_school_record.py:134 ✅ xls 허용 파일 업로드 UI 검증 완료
INFO     root:test_school_record.py:134 ✅ docx 비허용 파일 업로드 UI 검증 완료
INFO     root:test_school_record.py:134 ✅ hwp 비허용 파일 업로드 UI 검증 완료
INFO     root:test_school_record.py:134 ✅ pdf 비허용 파일 업로드 UI 검증 완료
INFO     root:test_school_record.py:134 ✅ pptx 비허용 파일 업로드 UI 검증 완료
INFO     root:test_school_record.py:134 ✅ 100MB이상 비허용 파일 업로드 UI 검증 완료
INFO     root:test_school_record.py:146 ✅세부 특기사항 생성 중입니다.
INFO     root:test_school_record.py:155 ✅세부 특기사항 다운로드 가능
